Archive member included to satisfy reference by file (symbol)

d:/imtschool content/imt_sdk_win_64___new_for arm course/winarm/armgcc/bin/../lib/gcc/arm-none-eabi/7.2.1/../../../../arm-none-eabi/lib/thumb/v7-m\libg_nano.a(lib_a-errno.o)
                              ./system/src/newlib/_sbrk.o (__errno)
d:/imtschool content/imt_sdk_win_64___new_for arm course/winarm/armgcc/bin/../lib/gcc/arm-none-eabi/7.2.1/../../../../arm-none-eabi/lib/thumb/v7-m\libg_nano.a(lib_a-impure.o)
                              d:/imtschool content/imt_sdk_win_64___new_for arm course/winarm/armgcc/bin/../lib/gcc/arm-none-eabi/7.2.1/../../../../arm-none-eabi/lib/thumb/v7-m\libg_nano.a(lib_a-errno.o) (_impure_ptr)

Allocating common symbols
Common symbol       size              file

timer_delayCount    0x4               ./src/Timer.o
errno               0x4               ./system/src/newlib/_syscalls.o

Discarded input sections

 .text          0x00000000        0x0 ./system/src/stm32f1-stdperiph/misc.o
 .data          0x00000000        0x0 ./system/src/stm32f1-stdperiph/misc.o
 .bss           0x00000000        0x0 ./system/src/stm32f1-stdperiph/misc.o
 .text.NVIC_PriorityGroupConfig
                0x00000000       0x14 ./system/src/stm32f1-stdperiph/misc.o
 .text.NVIC_Init
                0x00000000       0x58 ./system/src/stm32f1-stdperiph/misc.o
 .text.NVIC_SetVectorTable
                0x00000000       0x14 ./system/src/stm32f1-stdperiph/misc.o
 .text.NVIC_SystemLPConfig
                0x00000000       0x18 ./system/src/stm32f1-stdperiph/misc.o
 .text.SysTick_CLKSourceConfig
                0x00000000       0x18 ./system/src/stm32f1-stdperiph/misc.o
 .debug_info    0x00000000      0x52a ./system/src/stm32f1-stdperiph/misc.o
 .debug_abbrev  0x00000000      0x183 ./system/src/stm32f1-stdperiph/misc.o
 .debug_loc     0x00000000      0x16c ./system/src/stm32f1-stdperiph/misc.o
 .debug_aranges
                0x00000000       0x40 ./system/src/stm32f1-stdperiph/misc.o
 .debug_ranges  0x00000000       0x30 ./system/src/stm32f1-stdperiph/misc.o
 .debug_line    0x00000000      0x1af ./system/src/stm32f1-stdperiph/misc.o
 .debug_str     0x00000000      0x448 ./system/src/stm32f1-stdperiph/misc.o
 .comment       0x00000000       0x7f ./system/src/stm32f1-stdperiph/misc.o
 .debug_frame   0x00000000       0x6c ./system/src/stm32f1-stdperiph/misc.o
 .ARM.attributes
                0x00000000       0x33 ./system/src/stm32f1-stdperiph/misc.o
 .text          0x00000000        0x0 ./system/src/stm32f1-stdperiph/stm32f10x_gpio.o
 .data          0x00000000        0x0 ./system/src/stm32f1-stdperiph/stm32f10x_gpio.o
 .bss           0x00000000        0x0 ./system/src/stm32f1-stdperiph/stm32f10x_gpio.o
 .text.GPIO_DeInit
                0x00000000       0xb8 ./system/src/stm32f1-stdperiph/stm32f10x_gpio.o
 .text.GPIO_AFIODeInit
                0x00000000       0x16 ./system/src/stm32f1-stdperiph/stm32f10x_gpio.o
 .text.GPIO_StructInit
                0x00000000       0x10 ./system/src/stm32f1-stdperiph/stm32f10x_gpio.o
 .text.GPIO_ReadInputDataBit
                0x00000000        0xc ./system/src/stm32f1-stdperiph/stm32f10x_gpio.o
 .text.GPIO_ReadInputData
                0x00000000        0x6 ./system/src/stm32f1-stdperiph/stm32f10x_gpio.o
 .text.GPIO_ReadOutputDataBit
                0x00000000        0xc ./system/src/stm32f1-stdperiph/stm32f10x_gpio.o
 .text.GPIO_ReadOutputData
                0x00000000        0x6 ./system/src/stm32f1-stdperiph/stm32f10x_gpio.o
 .text.GPIO_WriteBit
                0x00000000        0xa ./system/src/stm32f1-stdperiph/stm32f10x_gpio.o
 .text.GPIO_Write
                0x00000000        0x4 ./system/src/stm32f1-stdperiph/stm32f10x_gpio.o
 .text.GPIO_PinLockConfig
                0x00000000       0x10 ./system/src/stm32f1-stdperiph/stm32f10x_gpio.o
 .text.GPIO_EventOutputConfig
                0x00000000       0x1c ./system/src/stm32f1-stdperiph/stm32f10x_gpio.o
 .text.GPIO_EventOutputCmd
                0x00000000        0xc ./system/src/stm32f1-stdperiph/stm32f10x_gpio.o
 .text.GPIO_PinRemapConfig
                0x00000000       0x60 ./system/src/stm32f1-stdperiph/stm32f10x_gpio.o
 .text.GPIO_EXTILineConfig
                0x00000000       0x2a ./system/src/stm32f1-stdperiph/stm32f10x_gpio.o
 .text.GPIO_ETH_MediaInterfaceConfig
                0x00000000        0xc ./system/src/stm32f1-stdperiph/stm32f10x_gpio.o
 .text          0x00000000        0x0 ./system/src/stm32f1-stdperiph/stm32f10x_rcc.o
 .data          0x00000000        0x0 ./system/src/stm32f1-stdperiph/stm32f10x_rcc.o
 .bss           0x00000000        0x0 ./system/src/stm32f1-stdperiph/stm32f10x_rcc.o
 .text.RCC_DeInit
                0x00000000       0x40 ./system/src/stm32f1-stdperiph/stm32f10x_rcc.o
 .text.RCC_HSEConfig
                0x00000000       0x38 ./system/src/stm32f1-stdperiph/stm32f10x_rcc.o
 .text.RCC_AdjustHSICalibrationValue
                0x00000000       0x14 ./system/src/stm32f1-stdperiph/stm32f10x_rcc.o
 .text.RCC_HSICmd
                0x00000000        0xc ./system/src/stm32f1-stdperiph/stm32f10x_rcc.o
 .text.RCC_PLLConfig
                0x00000000       0x14 ./system/src/stm32f1-stdperiph/stm32f10x_rcc.o
 .text.RCC_PLLCmd
                0x00000000        0xc ./system/src/stm32f1-stdperiph/stm32f10x_rcc.o
 .text.RCC_SYSCLKConfig
                0x00000000       0x14 ./system/src/stm32f1-stdperiph/stm32f10x_rcc.o
 .text.RCC_GetSYSCLKSource
                0x00000000       0x10 ./system/src/stm32f1-stdperiph/stm32f10x_rcc.o
 .text.RCC_HCLKConfig
                0x00000000       0x14 ./system/src/stm32f1-stdperiph/stm32f10x_rcc.o
 .text.RCC_PCLK1Config
                0x00000000       0x14 ./system/src/stm32f1-stdperiph/stm32f10x_rcc.o
 .text.RCC_PCLK2Config
                0x00000000       0x14 ./system/src/stm32f1-stdperiph/stm32f10x_rcc.o
 .text.RCC_ITConfig
                0x00000000       0x18 ./system/src/stm32f1-stdperiph/stm32f10x_rcc.o
 .text.RCC_USBCLKConfig
                0x00000000        0xc ./system/src/stm32f1-stdperiph/stm32f10x_rcc.o
 .text.RCC_ADCCLKConfig
                0x00000000       0x14 ./system/src/stm32f1-stdperiph/stm32f10x_rcc.o
 .text.RCC_LSEConfig
                0x00000000       0x20 ./system/src/stm32f1-stdperiph/stm32f10x_rcc.o
 .text.RCC_LSICmd
                0x00000000        0xc ./system/src/stm32f1-stdperiph/stm32f10x_rcc.o
 .text.RCC_RTCCLKConfig
                0x00000000       0x10 ./system/src/stm32f1-stdperiph/stm32f10x_rcc.o
 .text.RCC_RTCCLKCmd
                0x00000000        0xc ./system/src/stm32f1-stdperiph/stm32f10x_rcc.o
 .text.RCC_GetClocksFreq
                0x00000000       0x84 ./system/src/stm32f1-stdperiph/stm32f10x_rcc.o
 .text.RCC_AHBPeriphClockCmd
                0x00000000       0x18 ./system/src/stm32f1-stdperiph/stm32f10x_rcc.o
 .text.RCC_APB1PeriphClockCmd
                0x00000000       0x18 ./system/src/stm32f1-stdperiph/stm32f10x_rcc.o
 .text.RCC_APB2PeriphResetCmd
                0x00000000       0x18 ./system/src/stm32f1-stdperiph/stm32f10x_rcc.o
 .text.RCC_APB1PeriphResetCmd
                0x00000000       0x18 ./system/src/stm32f1-stdperiph/stm32f10x_rcc.o
 .text.RCC_BackupResetCmd
                0x00000000        0xc ./system/src/stm32f1-stdperiph/stm32f10x_rcc.o
 .text.RCC_ClockSecuritySystemCmd
                0x00000000        0xc ./system/src/stm32f1-stdperiph/stm32f10x_rcc.o
 .text.RCC_MCOConfig
                0x00000000        0xc ./system/src/stm32f1-stdperiph/stm32f10x_rcc.o
 .text.RCC_GetFlagStatus
                0x00000000       0x28 ./system/src/stm32f1-stdperiph/stm32f10x_rcc.o
 .text.RCC_WaitForHSEStartUp
                0x00000000       0x30 ./system/src/stm32f1-stdperiph/stm32f10x_rcc.o
 .text.RCC_ClearFlag
                0x00000000       0x10 ./system/src/stm32f1-stdperiph/stm32f10x_rcc.o
 .text.RCC_GetITStatus
                0x00000000       0x14 ./system/src/stm32f1-stdperiph/stm32f10x_rcc.o
 .text.RCC_ClearITPendingBit
                0x00000000        0xc ./system/src/stm32f1-stdperiph/stm32f10x_rcc.o
 .data.ADCPrescTable
                0x00000000        0x4 ./system/src/stm32f1-stdperiph/stm32f10x_rcc.o
 .data.APBAHBPrescTable
                0x00000000       0x10 ./system/src/stm32f1-stdperiph/stm32f10x_rcc.o
 .text          0x00000000        0x0 ./system/src/newlib/_cxx.o
 .data          0x00000000        0x0 ./system/src/newlib/_cxx.o
 .bss           0x00000000        0x0 ./system/src/newlib/_cxx.o
 .text._ZN9__gnu_cxx27__verbose_terminate_handlerEv
                0x00000000        0x6 ./system/src/newlib/_cxx.o
 .text.__cxa_pure_virtual
                0x00000000        0x6 ./system/src/newlib/_cxx.o
 .debug_info    0x00000000      0xf94 ./system/src/newlib/_cxx.o
 .debug_abbrev  0x00000000      0x300 ./system/src/newlib/_cxx.o
 .debug_aranges
                0x00000000       0x20 ./system/src/newlib/_cxx.o
 .debug_ranges  0x00000000       0x10 ./system/src/newlib/_cxx.o
 .debug_line    0x00000000      0x36b ./system/src/newlib/_cxx.o
 .debug_str     0x00000000      0x83a ./system/src/newlib/_cxx.o
 .comment       0x00000000       0x7f ./system/src/newlib/_cxx.o
 .debug_frame   0x00000000       0x40 ./system/src/newlib/_cxx.o
 .ARM.attributes
                0x00000000       0x33 ./system/src/newlib/_cxx.o
 .text          0x00000000        0x0 ./system/src/newlib/_exit.o
 .data          0x00000000        0x0 ./system/src/newlib/_exit.o
 .bss           0x00000000        0x0 ./system/src/newlib/_exit.o
 .text.abort    0x00000000        0x8 ./system/src/newlib/_exit.o
 .text          0x00000000        0x0 ./system/src/newlib/_sbrk.o
 .data          0x00000000        0x0 ./system/src/newlib/_sbrk.o
 .bss           0x00000000        0x0 ./system/src/newlib/_sbrk.o
 .text._sbrk    0x00000000       0x3c ./system/src/newlib/_sbrk.o
 .bss.current_heap_end.3961
                0x00000000        0x4 ./system/src/newlib/_sbrk.o
 .debug_info    0x00000000      0x93e ./system/src/newlib/_sbrk.o
 .debug_abbrev  0x00000000      0x1f9 ./system/src/newlib/_sbrk.o
 .debug_loc     0x00000000       0x6a ./system/src/newlib/_sbrk.o
 .debug_aranges
                0x00000000       0x20 ./system/src/newlib/_sbrk.o
 .debug_ranges  0x00000000       0x10 ./system/src/newlib/_sbrk.o
 .debug_line    0x00000000      0x16f ./system/src/newlib/_sbrk.o
 .debug_str     0x00000000      0x626 ./system/src/newlib/_sbrk.o
 .comment       0x00000000       0x7f ./system/src/newlib/_sbrk.o
 .debug_frame   0x00000000       0x28 ./system/src/newlib/_sbrk.o
 .ARM.attributes
                0x00000000       0x33 ./system/src/newlib/_sbrk.o
 .text          0x00000000        0x0 ./system/src/newlib/_startup.o
 .data          0x00000000        0x0 ./system/src/newlib/_startup.o
 .bss           0x00000000        0x0 ./system/src/newlib/_startup.o
 .text.__initialize_data
                0x00000000       0x10 ./system/src/newlib/_startup.o
 .text.__initialize_bss
                0x00000000        0xe ./system/src/newlib/_startup.o
 .text.__run_init_array
                0x00000000       0x44 ./system/src/newlib/_startup.o
 .text.__run_fini_array
                0x00000000       0x24 ./system/src/newlib/_startup.o
 .text          0x00000000        0x0 ./system/src/newlib/_syscalls.o
 .data          0x00000000        0x0 ./system/src/newlib/_syscalls.o
 .bss           0x00000000        0x0 ./system/src/newlib/_syscalls.o
 .text.raise    0x00000000       0x10 ./system/src/newlib/_syscalls.o
 .text.kill     0x00000000       0x10 ./system/src/newlib/_syscalls.o
 .bss.__dso_handle
                0x00000000        0x4 ./system/src/newlib/_syscalls.o
 COMMON         0x00000000        0x4 ./system/src/newlib/_syscalls.o
 .text          0x00000000        0x0 ./system/src/newlib/assert.o
 .data          0x00000000        0x0 ./system/src/newlib/assert.o
 .bss           0x00000000        0x0 ./system/src/newlib/assert.o
 .text.__assert_func
                0x00000000        0x6 ./system/src/newlib/assert.o
 .debug_info    0x00000000      0x96b ./system/src/newlib/assert.o
 .debug_abbrev  0x00000000      0x1fe ./system/src/newlib/assert.o
 .debug_loc     0x00000000       0x84 ./system/src/newlib/assert.o
 .debug_aranges
                0x00000000       0x20 ./system/src/newlib/assert.o
 .debug_ranges  0x00000000       0x10 ./system/src/newlib/assert.o
 .debug_line    0x00000000      0x1ea ./system/src/newlib/assert.o
 .debug_str     0x00000000      0x62f ./system/src/newlib/assert.o
 .comment       0x00000000       0x7f ./system/src/newlib/assert.o
 .debug_frame   0x00000000       0x28 ./system/src/newlib/assert.o
 .ARM.attributes
                0x00000000       0x33 ./system/src/newlib/assert.o
 .text          0x00000000        0x0 ./system/src/diag/Trace.o
 .data          0x00000000        0x0 ./system/src/diag/Trace.o
 .bss           0x00000000        0x0 ./system/src/diag/Trace.o
 .debug_line    0x00000000        0x0 ./system/src/diag/Trace.o
 .debug_str     0x00000000      0x142 ./system/src/diag/Trace.o
 .comment       0x00000000       0x7f ./system/src/diag/Trace.o
 .ARM.attributes
                0x00000000       0x33 ./system/src/diag/Trace.o
 .text          0x00000000        0x0 ./system/src/diag/trace_impl.o
 .data          0x00000000        0x0 ./system/src/diag/trace_impl.o
 .bss           0x00000000        0x0 ./system/src/diag/trace_impl.o
 .debug_line    0x00000000        0x0 ./system/src/diag/trace_impl.o
 .debug_str     0x00000000      0x147 ./system/src/diag/trace_impl.o
 .comment       0x00000000       0x7f ./system/src/diag/trace_impl.o
 .ARM.attributes
                0x00000000       0x33 ./system/src/diag/trace_impl.o
 .text          0x00000000        0x0 ./system/src/cortexm/_initialize_hardware.o
 .data          0x00000000        0x0 ./system/src/cortexm/_initialize_hardware.o
 .bss           0x00000000        0x0 ./system/src/cortexm/_initialize_hardware.o
 .text          0x00000000        0x0 ./system/src/cortexm/_reset_hardware.o
 .data          0x00000000        0x0 ./system/src/cortexm/_reset_hardware.o
 .bss           0x00000000        0x0 ./system/src/cortexm/_reset_hardware.o
 .text          0x00000000        0x0 ./system/src/cortexm/exception_handlers.o
 .data          0x00000000        0x0 ./system/src/cortexm/exception_handlers.o
 .bss           0x00000000        0x0 ./system/src/cortexm/exception_handlers.o
 .text          0x00000000        0x0 ./system/src/cmsis/system_stm32f10x.o
 .data          0x00000000        0x0 ./system/src/cmsis/system_stm32f10x.o
 .bss           0x00000000        0x0 ./system/src/cmsis/system_stm32f10x.o
 .text          0x00000000        0x0 ./system/src/cmsis/vectors_stm32f10x.o
 .data          0x00000000        0x0 ./system/src/cmsis/vectors_stm32f10x.o
 .bss           0x00000000        0x0 ./system/src/cmsis/vectors_stm32f10x.o
 .text          0x00000000        0x0 ./src/BlinkLed.o
 .data          0x00000000        0x0 ./src/BlinkLed.o
 .bss           0x00000000        0x0 ./src/BlinkLed.o
 .text          0x00000000        0x0 ./src/Timer.o
 .data          0x00000000        0x0 ./src/Timer.o
 .bss           0x00000000        0x0 ./src/Timer.o
 .text          0x00000000        0x0 ./src/_write.o
 .data          0x00000000        0x0 ./src/_write.o
 .bss           0x00000000        0x0 ./src/_write.o
 .debug_line    0x00000000        0x0 ./src/_write.o
 .debug_str     0x00000000      0x137 ./src/_write.o
 .comment       0x00000000       0x7f ./src/_write.o
 .ARM.attributes
                0x00000000       0x33 ./src/_write.o
 .text          0x00000000        0x0 ./src/main.o
 .data          0x00000000        0x0 ./src/main.o
 .bss           0x00000000        0x0 ./src/main.o
 .text          0x00000000        0x0 d:/imtschool content/imt_sdk_win_64___new_for arm course/winarm/armgcc/bin/../lib/gcc/arm-none-eabi/7.2.1/../../../../arm-none-eabi/lib/thumb/v7-m\libg_nano.a(lib_a-errno.o)
 .data          0x00000000        0x0 d:/imtschool content/imt_sdk_win_64___new_for arm course/winarm/armgcc/bin/../lib/gcc/arm-none-eabi/7.2.1/../../../../arm-none-eabi/lib/thumb/v7-m\libg_nano.a(lib_a-errno.o)
 .bss           0x00000000        0x0 d:/imtschool content/imt_sdk_win_64___new_for arm course/winarm/armgcc/bin/../lib/gcc/arm-none-eabi/7.2.1/../../../../arm-none-eabi/lib/thumb/v7-m\libg_nano.a(lib_a-errno.o)
 .text.__errno  0x00000000        0xc d:/imtschool content/imt_sdk_win_64___new_for arm course/winarm/armgcc/bin/../lib/gcc/arm-none-eabi/7.2.1/../../../../arm-none-eabi/lib/thumb/v7-m\libg_nano.a(lib_a-errno.o)
 .debug_frame   0x00000000       0x20 d:/imtschool content/imt_sdk_win_64___new_for arm course/winarm/armgcc/bin/../lib/gcc/arm-none-eabi/7.2.1/../../../../arm-none-eabi/lib/thumb/v7-m\libg_nano.a(lib_a-errno.o)
 .ARM.attributes
                0x00000000       0x2d d:/imtschool content/imt_sdk_win_64___new_for arm course/winarm/armgcc/bin/../lib/gcc/arm-none-eabi/7.2.1/../../../../arm-none-eabi/lib/thumb/v7-m\libg_nano.a(lib_a-errno.o)
 .text          0x00000000        0x0 d:/imtschool content/imt_sdk_win_64___new_for arm course/winarm/armgcc/bin/../lib/gcc/arm-none-eabi/7.2.1/../../../../arm-none-eabi/lib/thumb/v7-m\libg_nano.a(lib_a-impure.o)
 .data          0x00000000        0x0 d:/imtschool content/imt_sdk_win_64___new_for arm course/winarm/armgcc/bin/../lib/gcc/arm-none-eabi/7.2.1/../../../../arm-none-eabi/lib/thumb/v7-m\libg_nano.a(lib_a-impure.o)
 .bss           0x00000000        0x0 d:/imtschool content/imt_sdk_win_64___new_for arm course/winarm/armgcc/bin/../lib/gcc/arm-none-eabi/7.2.1/../../../../arm-none-eabi/lib/thumb/v7-m\libg_nano.a(lib_a-impure.o)
 .data._impure_ptr
                0x00000000        0x4 d:/imtschool content/imt_sdk_win_64___new_for arm course/winarm/armgcc/bin/../lib/gcc/arm-none-eabi/7.2.1/../../../../arm-none-eabi/lib/thumb/v7-m\libg_nano.a(lib_a-impure.o)
 .data.impure_data
                0x00000000       0x60 d:/imtschool content/imt_sdk_win_64___new_for arm course/winarm/armgcc/bin/../lib/gcc/arm-none-eabi/7.2.1/../../../../arm-none-eabi/lib/thumb/v7-m\libg_nano.a(lib_a-impure.o)
 .rodata._global_impure_ptr
                0x00000000        0x4 d:/imtschool content/imt_sdk_win_64___new_for arm course/winarm/armgcc/bin/../lib/gcc/arm-none-eabi/7.2.1/../../../../arm-none-eabi/lib/thumb/v7-m\libg_nano.a(lib_a-impure.o)
 .ARM.attributes
                0x00000000       0x2d d:/imtschool content/imt_sdk_win_64___new_for arm course/winarm/armgcc/bin/../lib/gcc/arm-none-eabi/7.2.1/../../../../arm-none-eabi/lib/thumb/v7-m\libg_nano.a(lib_a-impure.o)

Memory Configuration

Name             Origin             Length             Attributes
RAM              0x20000000         0x00005000         xrw
CCMRAM           0x00000000         0x00000000         xrw
FLASH            0x08000000         0x00010000         xr
FLASHB1          0x00000000         0x00000000         xr
EXTMEMB0         0x00000000         0x00000000         xr
EXTMEMB1         0x00000000         0x00000000         xr
EXTMEMB2         0x00000000         0x00000000         xr
EXTMEMB3         0x00000000         0x00000000         xr
MEMORY_ARRAY     0x00000000         0x00000000         xrw
*default*        0x00000000         0xffffffff

Linker script and memory map

LOAD ./system/src/stm32f1-stdperiph/misc.o
LOAD ./system/src/stm32f1-stdperiph/stm32f10x_gpio.o
LOAD ./system/src/stm32f1-stdperiph/stm32f10x_rcc.o
LOAD ./system/src/newlib/_cxx.o
LOAD ./system/src/newlib/_exit.o
LOAD ./system/src/newlib/_sbrk.o
LOAD ./system/src/newlib/_startup.o
LOAD ./system/src/newlib/_syscalls.o
LOAD ./system/src/newlib/assert.o
LOAD ./system/src/diag/Trace.o
LOAD ./system/src/diag/trace_impl.o
LOAD ./system/src/cortexm/_initialize_hardware.o
LOAD ./system/src/cortexm/_reset_hardware.o
LOAD ./system/src/cortexm/exception_handlers.o
LOAD ./system/src/cmsis/system_stm32f10x.o
LOAD ./system/src/cmsis/vectors_stm32f10x.o
LOAD ./src/BlinkLed.o
LOAD ./src/Timer.o
LOAD ./src/_write.o
LOAD ./src/main.o
LOAD d:/imtschool content/imt_sdk_win_64___new_for arm course/winarm/armgcc/bin/../lib/gcc/arm-none-eabi/7.2.1/../../../../arm-none-eabi/lib/thumb/v7-m\libstdc++_nano.a
LOAD d:/imtschool content/imt_sdk_win_64___new_for arm course/winarm/armgcc/bin/../lib/gcc/arm-none-eabi/7.2.1/../../../../arm-none-eabi/lib/thumb/v7-m\libm.a
START GROUP
LOAD d:/imtschool content/imt_sdk_win_64___new_for arm course/winarm/armgcc/bin/../lib/gcc/arm-none-eabi/7.2.1/thumb/v7-m\libgcc.a
LOAD d:/imtschool content/imt_sdk_win_64___new_for arm course/winarm/armgcc/bin/../lib/gcc/arm-none-eabi/7.2.1/../../../../arm-none-eabi/lib/thumb/v7-m\libg_nano.a
LOAD d:/imtschool content/imt_sdk_win_64___new_for arm course/winarm/armgcc/bin/../lib/gcc/arm-none-eabi/7.2.1/../../../../arm-none-eabi/lib/thumb/v7-m\libc_nano.a
END GROUP
START GROUP
LOAD d:/imtschool content/imt_sdk_win_64___new_for arm course/winarm/armgcc/bin/../lib/gcc/arm-none-eabi/7.2.1/thumb/v7-m\libgcc.a
LOAD d:/imtschool content/imt_sdk_win_64___new_for arm course/winarm/armgcc/bin/../lib/gcc/arm-none-eabi/7.2.1/../../../../arm-none-eabi/lib/thumb/v7-m\libc_nano.a
END GROUP
                0x20005000                __stack = (ORIGIN (RAM) + LENGTH (RAM))
                0x20005000                _estack = __stack
                0x00000400                __Main_Stack_Size = 0x400
                [!provide]                PROVIDE (_Main_Stack_Size, __Main_Stack_Size)
                0x20004c00                __Main_Stack_Limit = (__stack - __Main_Stack_Size)
                [!provide]                PROVIDE (_Main_Stack_Limit, __Main_Stack_Limit)
                0x00000100                _Minimum_Stack_Size = 0x100
                0x20000024                PROVIDE (_Heap_Begin, _end_noinit)
                0x20004c00                PROVIDE (_Heap_Limit, (__stack - __Main_Stack_Size))

.isr_vector     0x08000000      0x22a
 FILL mask 0xff
                0x08000000                __vectors_start = ABSOLUTE (.)
                0x08000000                __vectors_start__ = ABSOLUTE (.)
 *(.isr_vector)
 .isr_vector    0x08000000      0x10c ./system/src/cmsis/vectors_stm32f10x.o
                0x08000000                __isr_vectors
 *(.cfmconfig)
 *(.after_vectors .after_vectors.*)
 .after_vectors
                0x0800010c       0xb8 ./system/src/newlib/_startup.o
                0x0800010c                _start
 .after_vectors
                0x080001c4       0x64 ./system/src/cortexm/exception_handlers.o
                0x080001c4                Reset_Handler
                0x080001c8                NMI_Handler
                0x080001ca                HardFault_Handler
                0x080001de                HardFault_Handler_C
                0x080001e0                MemManage_Handler
                0x080001e2                BusFault_Handler
                0x080001f6                BusFault_Handler_C
                0x080001f8                UsageFault_Handler
                0x0800020c                UsageFault_Handler_C
                0x0800020e                SVC_Handler
                0x08000210                DebugMon_Handler
                0x08000212                PendSV_Handler
 .after_vectors
                0x08000228        0x2 ./system/src/cmsis/vectors_stm32f10x.o
                0x08000228                EXTI2_IRQHandler
                0x08000228                TIM8_TRG_COM_IRQHandler
                0x08000228                TIM8_CC_IRQHandler
                0x08000228                TIM1_CC_IRQHandler
                0x08000228                TIM6_IRQHandler
                0x08000228                PVD_IRQHandler
                0x08000228                SDIO_IRQHandler
                0x08000228                CAN2_RX1_IRQHandler
                0x08000228                EXTI3_IRQHandler
                0x08000228                TIM8_TRG_COM_TIM14_IRQHandler
                0x08000228                TIM1_UP_TIM10_IRQHandler
                0x08000228                TIM8_UP_TIM13_IRQHandler
                0x08000228                EXTI0_IRQHandler
                0x08000228                I2C2_EV_IRQHandler
                0x08000228                CAN1_RX0_IRQHandler
                0x08000228                TIM1_UP_TIM16_IRQHandler
                0x08000228                CAN2_SCE_IRQHandler
                0x08000228                ADC1_2_IRQHandler
                0x08000228                SPI1_IRQHandler
                0x08000228                TAMPER_IRQHandler
                0x08000228                TIM6_DAC_IRQHandler
                0x08000228                TIM1_BRK_TIM9_IRQHandler
                0x08000228                CAN2_RX0_IRQHandler
                0x08000228                TIM8_UP_IRQHandler
                0x08000228                DMA2_Channel2_IRQHandler
                0x08000228                DMA1_Channel4_IRQHandler
                0x08000228                USART3_IRQHandler
                0x08000228                RTC_IRQHandler
                0x08000228                DMA1_Channel7_IRQHandler
                0x08000228                CAN1_RX1_IRQHandler
                0x08000228                UART5_IRQHandler
                0x08000228                ADC3_IRQHandler
                0x08000228                TIM4_IRQHandler
                0x08000228                DMA2_Channel1_IRQHandler
                0x08000228                I2C1_EV_IRQHandler
                0x08000228                DMA1_Channel6_IRQHandler
                0x08000228                UART4_IRQHandler
                0x08000228                DMA2_Channel4_IRQHandler
                0x08000228                TIM3_IRQHandler
                0x08000228                RCC_IRQHandler
                0x08000228                TIM8_BRK_TIM12_IRQHandler
                0x08000228                TIM1_TRG_COM_IRQHandler
                0x08000228                DMA1_Channel1_IRQHandler
                0x08000228                Default_Handler
                0x08000228                CEC_IRQHandler
                0x08000228                EXTI15_10_IRQHandler
                0x08000228                TIM14_IRQHandler
                0x08000228                TIM13_IRQHandler
                0x08000228                TIM12_IRQHandler
                0x08000228                TIM7_IRQHandler
                0x08000228                CAN2_TX_IRQHandler
                0x08000228                TIM5_IRQHandler
                0x08000228                EXTI9_5_IRQHandler
                0x08000228                ETH_WKUP_IRQHandler
                0x08000228                SPI2_IRQHandler
                0x08000228                CAN1_TX_IRQHandler
                0x08000228                DMA2_Channel5_IRQHandler
                0x08000228                DMA1_Channel5_IRQHandler
                0x08000228                EXTI4_IRQHandler
                0x08000228                USB_LP_CAN1_RX0_IRQHandler
                0x08000228                TIM1_TRG_COM_TIM17_IRQHandler
                0x08000228                USB_HP_CAN1_TX_IRQHandler
                0x08000228                DMA1_Channel3_IRQHandler
                0x08000228                FSMC_IRQHandler
                0x08000228                ETH_IRQHandler
                0x08000228                TIM1_UP_IRQHandler
                0x08000228                WWDG_IRQHandler
                0x08000228                TIM2_IRQHandler
                0x08000228                OTG_FS_WKUP_IRQHandler
                0x08000228                TIM1_TRG_COM_TIM11_IRQHandler
                0x08000228                TIM1_BRK_IRQHandler
                0x08000228                EXTI1_IRQHandler
                0x08000228                RTCAlarm_IRQHandler
                0x08000228                DMA2_Channel4_5_IRQHandler
                0x08000228                USART2_IRQHandler
                0x08000228                I2C2_ER_IRQHandler
                0x08000228                DMA1_Channel2_IRQHandler
                0x08000228                TIM8_BRK_IRQHandler
                0x08000228                CAN1_SCE_IRQHandler
                0x08000228                FLASH_IRQHandler
                0x08000228                USART1_IRQHandler
                0x08000228                OTG_FS_IRQHandler
                0x08000228                SPI3_IRQHandler
                0x08000228                I2C1_ER_IRQHandler
                0x08000228                USBWakeUp_IRQHandler
                0x08000228                DMA2_Channel3_IRQHandler
                0x08000228                TIM1_BRK_TIM15_IRQHandler

.inits          0x0800022c       0x28
                0x0800022c                __data_regions_array_start = .
                0x0800022c        0x4 LONG 0x8000598 LOADADDR (.data)
                0x08000230        0x4 LONG 0x20000000 ADDR (.data)
                0x08000234        0x4 LONG 0x2000001c (ADDR (.data) + SIZEOF (.data))
                0x08000238        0x4 LONG 0x8000598 LOADADDR (.data_CCMRAM)
                0x0800023c        0x4 LONG 0x0 ADDR (.data_CCMRAM)
                0x08000240        0x4 LONG 0x0 (ADDR (.data_CCMRAM) + SIZEOF (.data_CCMRAM))
                0x08000244                __data_regions_array_end = .
                0x08000244                __bss_regions_array_start = .
                0x08000244        0x4 LONG 0x2000001c ADDR (.bss)
                0x08000248        0x4 LONG 0x20000024 (ADDR (.bss) + SIZEOF (.bss))
                0x0800024c        0x4 LONG 0x0 ADDR (.bss_CCMRAM)
                0x08000250        0x4 LONG 0x0 (ADDR (.bss_CCMRAM) + SIZEOF (.bss_CCMRAM))
                0x08000254                __bss_regions_array_end = .
 *(.init)
 *(.fini)
                0x08000254                . = ALIGN (0x4)
                0x08000254                PROVIDE (__preinit_array_start, .)
 *(.preinit_array_sysinit .preinit_array_sysinit.*)
 *(.preinit_array_platform .preinit_array_platform.*)
 *(.preinit_array .preinit_array.*)
                0x08000254                PROVIDE (__preinit_array_end, .)
                0x08000254                . = ALIGN (0x4)
                0x08000254                PROVIDE (__init_array_start, .)
 *(SORT_BY_NAME(.init_array.*))
 *(.init_array)
                0x08000254                PROVIDE (__init_array_end, .)
                0x08000254                . = ALIGN (0x4)
                0x08000254                PROVIDE (__fini_array_start, .)
 *(SORT_BY_NAME(.fini_array.*))
 *(.fini_array)
                0x08000254                PROVIDE (__fini_array_end, .)

.flashtext
 *(.flashtext .flashtext.*)

.text           0x08000254      0x344
 *(.text .text.*)
 .text.GPIO_Init
                0x08000254       0xa6 ./system/src/stm32f1-stdperiph/stm32f10x_gpio.o
                0x08000254                GPIO_Init
 .text.GPIO_SetBits
                0x080002fa        0x4 ./system/src/stm32f1-stdperiph/stm32f10x_gpio.o
                0x080002fa                GPIO_SetBits
 .text.GPIO_ResetBits
                0x080002fe        0x4 ./system/src/stm32f1-stdperiph/stm32f10x_gpio.o
                0x080002fe                GPIO_ResetBits
 *fill*         0x08000302        0x2 
 .text.RCC_APB2PeriphClockCmd
                0x08000304       0x18 ./system/src/stm32f1-stdperiph/stm32f10x_rcc.o
                0x08000304                RCC_APB2PeriphClockCmd
 .text._exit    0x0800031c        0x6 ./system/src/newlib/_exit.o
                0x0800031c                _exit
 *fill*         0x08000322        0x2 
 .text.__initialize_args
                0x08000324       0x10 ./system/src/newlib/_syscalls.o
                0x08000324                __initialize_args
 .text.__initialize_hardware_early
                0x08000334       0x18 ./system/src/cortexm/_initialize_hardware.o
                0x08000334                __initialize_hardware_early
 .text.__initialize_hardware
                0x0800034c        0x4 ./system/src/cortexm/_initialize_hardware.o
                0x0800034c                __initialize_hardware
 .text.__reset_hardware
                0x08000350       0x24 ./system/src/cortexm/_reset_hardware.o
                0x08000350                __reset_hardware
 .text.SystemInit
                0x08000374       0xf0 ./system/src/cmsis/system_stm32f10x.o
                0x08000374                SystemInit
 .text.SystemCoreClockUpdate
                0x08000464       0x58 ./system/src/cmsis/system_stm32f10x.o
                0x08000464                SystemCoreClockUpdate
 .text.blink_led_init
                0x080004bc       0x38 ./src/BlinkLed.o
                0x080004bc                blink_led_init
 .text.timer_start
                0x080004f4       0x38 ./src/Timer.o
                0x080004f4                timer_start
 .text.timer_sleep
                0x0800052c       0x10 ./src/Timer.o
                0x0800052c                timer_sleep
 .text.timer_tick
                0x0800053c       0x14 ./src/Timer.o
                0x0800053c                timer_tick
 .text.SysTick_Handler
                0x08000550        0x4 ./src/Timer.o
                0x08000550                SysTick_Handler
 .text.startup.main
                0x08000554       0x44 ./src/main.o
                0x08000554                main
 *(.rodata .rodata.* .constdata .constdata.*)
 *(vtable)
 *(.eh_frame*)
 *(.glue_7)
 .glue_7        0x08000598        0x0 linker stubs
 *(.glue_7t)
 .glue_7t       0x08000598        0x0 linker stubs

.vfp11_veneer   0x08000598        0x0
 .vfp11_veneer  0x08000598        0x0 linker stubs

.v4_bx          0x08000598        0x0
 .v4_bx         0x08000598        0x0 linker stubs

.iplt           0x08000598        0x0
 .iplt          0x08000598        0x0 ./system/src/stm32f1-stdperiph/stm32f10x_gpio.o

.rel.dyn        0x08000598        0x0
 .rel.iplt      0x08000598        0x0 ./system/src/stm32f1-stdperiph/stm32f10x_gpio.o

.ARM.extab
 *(.ARM.extab* .gnu.linkonce.armextab.*)
                0x08000598                . = ALIGN (0x4)
                0x08000598                __exidx_start = .

.ARM.exidx
 *(.ARM.exidx* .gnu.linkonce.armexidx.*)
                0x08000598                __exidx_end = .
                0x08000598                . = ALIGN (0x4)
                0x08000598                _etext = .
                0x08000598                __etext = .

.data_CCMRAM    0x00000000        0x0 load address 0x08000598
 FILL mask 0xff
 *(.data.CCMRAM .data.CCMRAM.*)
                0x00000000                . = ALIGN (0x4)
                0x08000598                _sidata = LOADADDR (.data)

.data           0x20000000       0x1c load address 0x08000598
 FILL mask 0xff
                0x20000000                _sdata = .
                0x20000000                __data_start__ = .
 *(.data_begin .data_begin.*)
 *(.data .data.*)
 .data.argv.4310
                0x20000000        0x8 ./system/src/newlib/_syscalls.o
 .data.AHBPrescTable
                0x20000008       0x10 ./system/src/cmsis/system_stm32f10x.o
                0x20000008                AHBPrescTable
 .data.SystemCoreClock
                0x20000018        0x4 ./system/src/cmsis/system_stm32f10x.o
                0x20000018                SystemCoreClock
 *(.data_end .data_end.*)
                0x2000001c                . = ALIGN (0x4)
                0x2000001c                _edata = .
                0x2000001c                __data_end__ = .

.igot.plt       0x2000001c        0x0 load address 0x080005b4
 .igot.plt      0x2000001c        0x0 ./system/src/stm32f1-stdperiph/stm32f10x_gpio.o

.bss_CCMRAM     0x00000000        0x0
 *(.bss.CCMRAM .bss.CCMRAM.*)

.bss            0x2000001c        0x8
                0x2000001c                __bss_start__ = .
                0x2000001c                _sbss = .
 *(.bss_begin .bss_begin.*)
 *(.bss .bss.*)
 .bss.name.4309
                0x2000001c        0x1 ./system/src/newlib/_syscalls.o
 *(COMMON)
 *fill*         0x2000001d        0x3 
 COMMON         0x20000020        0x4 ./src/Timer.o
                0x20000020                timer_delayCount
 *(.bss_end .bss_end.*)
                0x20000024                . = ALIGN (0x4)
                0x20000024                __bss_end__ = .
                0x20000024                _ebss = .

.noinit_CCMRAM
 *(.noinit.CCMRAM .noinit.CCMRAM.*)

.noinit         0x20000024        0x0
                0x20000024                _noinit = .
 *(.noinit .noinit.*)
                0x20000024                . = ALIGN (0x4)
                0x20000024                _end_noinit = .
                [!provide]                PROVIDE (end, _end_noinit)
                [!provide]                PROVIDE (_end, _end_noinit)
                [!provide]                PROVIDE (__end, _end_noinit)
                [!provide]                PROVIDE (__end__, _end_noinit)

._check_stack   0x20000024      0x100
                0x20000124                . = (. + _Minimum_Stack_Size)
 *fill*         0x20000024      0x100 

.b1text
 *(.b1text)
 *(.b1rodata)
 *(.b1rodata.*)

.eb0text
 *(.eb0text)
 *(.eb0rodata)
 *(.eb0rodata.*)

.eb1text
 *(.eb1text)
 *(.eb1rodata)
 *(.eb1rodata.*)

.eb2text
 *(.eb2text)
 *(.eb2rodata)
 *(.eb2rodata.*)

.eb3text
 *(.eb3text)
 *(.eb3rodata)
 *(.eb3rodata.*)

.stab
 *(.stab)

.stabstr
 *(.stabstr)

.stab.excl
 *(.stab.excl)

.stab.exclstr
 *(.stab.exclstr)

.stab.index
 *(.stab.index)

.stab.indexstr
 *(.stab.indexstr)

.comment        0x00000000       0x7e
 *(.comment)
 .comment       0x00000000       0x7e ./system/src/stm32f1-stdperiph/stm32f10x_gpio.o
                                 0x7f (size before relaxing)
 .comment       0x0000007e       0x7f ./system/src/stm32f1-stdperiph/stm32f10x_rcc.o
 .comment       0x0000007e       0x7f ./system/src/newlib/_exit.o
 .comment       0x0000007e       0x7f ./system/src/newlib/_startup.o
 .comment       0x0000007e       0x7f ./system/src/newlib/_syscalls.o
 .comment       0x0000007e       0x7f ./system/src/cortexm/_initialize_hardware.o
 .comment       0x0000007e       0x7f ./system/src/cortexm/_reset_hardware.o
 .comment       0x0000007e       0x7f ./system/src/cortexm/exception_handlers.o
 .comment       0x0000007e       0x7f ./system/src/cmsis/system_stm32f10x.o
 .comment       0x0000007e       0x7f ./system/src/cmsis/vectors_stm32f10x.o
 .comment       0x0000007e       0x7f ./src/BlinkLed.o
 .comment       0x0000007e       0x7f ./src/Timer.o
 .comment       0x0000007e       0x7f ./src/main.o

.ARM.attributes
                0x00000000       0x33
 .ARM.attributes
                0x00000000       0x33 ./system/src/stm32f1-stdperiph/stm32f10x_gpio.o
 .ARM.attributes
                0x00000033       0x33 ./system/src/stm32f1-stdperiph/stm32f10x_rcc.o
 .ARM.attributes
                0x00000066       0x33 ./system/src/newlib/_exit.o
 .ARM.attributes
                0x00000099       0x33 ./system/src/newlib/_startup.o
 .ARM.attributes
                0x000000cc       0x33 ./system/src/newlib/_syscalls.o
 .ARM.attributes
                0x000000ff       0x33 ./system/src/cortexm/_initialize_hardware.o
 .ARM.attributes
                0x00000132       0x33 ./system/src/cortexm/_reset_hardware.o
 .ARM.attributes
                0x00000165       0x33 ./system/src/cortexm/exception_handlers.o
 .ARM.attributes
                0x00000198       0x33 ./system/src/cmsis/system_stm32f10x.o
 .ARM.attributes
                0x000001cb       0x33 ./system/src/cmsis/vectors_stm32f10x.o
 .ARM.attributes
                0x000001fe       0x33 ./src/BlinkLed.o
 .ARM.attributes
                0x00000231       0x33 ./src/Timer.o
 .ARM.attributes
                0x00000264       0x33 ./src/main.o

.debug
 *(.debug)

.line
 *(.line)

.debug_srcinfo
 *(.debug_srcinfo)

.debug_sfnames
 *(.debug_sfnames)

.debug_aranges  0x00000000      0x3e0
 *(.debug_aranges)
 .debug_aranges
                0x00000000       0xa8 ./system/src/stm32f1-stdperiph/stm32f10x_gpio.o
 .debug_aranges
                0x000000a8      0x118 ./system/src/stm32f1-stdperiph/stm32f10x_rcc.o
 .debug_aranges
                0x000001c0       0x28 ./system/src/newlib/_exit.o
 .debug_aranges
                0x000001e8       0x40 ./system/src/newlib/_startup.o
 .debug_aranges
                0x00000228       0x30 ./system/src/newlib/_syscalls.o
 .debug_aranges
                0x00000258       0x28 ./system/src/cortexm/_initialize_hardware.o
 .debug_aranges
                0x00000280       0x20 ./system/src/cortexm/_reset_hardware.o
 .debug_aranges
                0x000002a0       0x80 ./system/src/cortexm/exception_handlers.o
 .debug_aranges
                0x00000320       0x28 ./system/src/cmsis/system_stm32f10x.o
 .debug_aranges
                0x00000348       0x20 ./system/src/cmsis/vectors_stm32f10x.o
 .debug_aranges
                0x00000368       0x20 ./src/BlinkLed.o
 .debug_aranges
                0x00000388       0x38 ./src/Timer.o
 .debug_aranges
                0x000003c0       0x20 ./src/main.o

.debug_pubnames
 *(.debug_pubnames)

.debug_info     0x00000000     0x511b
 *(.debug_info .gnu.linkonce.wi.*)
 .debug_info    0x00000000      0x7c9 ./system/src/stm32f1-stdperiph/stm32f10x_gpio.o
 .debug_info    0x000007c9      0x8b4 ./system/src/stm32f1-stdperiph/stm32f10x_rcc.o
 .debug_info    0x0000107d      0x960 ./system/src/newlib/_exit.o
 .debug_info    0x000019dd      0x3ca ./system/src/newlib/_startup.o
 .debug_info    0x00001da7      0xa15 ./system/src/newlib/_syscalls.o
 .debug_info    0x000027bc      0x2b1 ./system/src/cortexm/_initialize_hardware.o
 .debug_info    0x00002a6d      0x2c3 ./system/src/cortexm/_reset_hardware.o
 .debug_info    0x00002d30      0xacb ./system/src/cortexm/exception_handlers.o
 .debug_info    0x000037fb      0x49d ./system/src/cmsis/system_stm32f10x.o
 .debug_info    0x00003c98       0xc6 ./system/src/cmsis/vectors_stm32f10x.o
 .debug_info    0x00003d5e      0x28e ./src/BlinkLed.o
 .debug_info    0x00003fec      0x626 ./src/Timer.o
 .debug_info    0x00004612      0xb09 ./src/main.o

.debug_abbrev   0x00000000     0x1594
 *(.debug_abbrev)
 .debug_abbrev  0x00000000      0x220 ./system/src/stm32f1-stdperiph/stm32f10x_gpio.o
 .debug_abbrev  0x00000220      0x1f7 ./system/src/stm32f1-stdperiph/stm32f10x_rcc.o
 .debug_abbrev  0x00000417      0x210 ./system/src/newlib/_exit.o
 .debug_abbrev  0x00000627      0x173 ./system/src/newlib/_startup.o
 .debug_abbrev  0x0000079a      0x231 ./system/src/newlib/_syscalls.o
 .debug_abbrev  0x000009cb       0xf5 ./system/src/cortexm/_initialize_hardware.o
 .debug_abbrev  0x00000ac0      0x10d ./system/src/cortexm/_reset_hardware.o
 .debug_abbrev  0x00000bcd      0x1fe ./system/src/cortexm/exception_handlers.o
 .debug_abbrev  0x00000dcb      0x190 ./system/src/cmsis/system_stm32f10x.o
 .debug_abbrev  0x00000f5b       0x9a ./system/src/cmsis/vectors_stm32f10x.o
 .debug_abbrev  0x00000ff5      0x15f ./src/BlinkLed.o
 .debug_abbrev  0x00001154      0x1c7 ./src/Timer.o
 .debug_abbrev  0x0000131b      0x279 ./src/main.o

.debug_line     0x00000000     0x18a5
 *(.debug_line)
 .debug_line    0x00000000      0x342 ./system/src/stm32f1-stdperiph/stm32f10x_gpio.o
 .debug_line    0x00000342      0x42d ./system/src/stm32f1-stdperiph/stm32f10x_rcc.o
 .debug_line    0x0000076f      0x1ee ./system/src/newlib/_exit.o
 .debug_line    0x0000095d      0x109 ./system/src/newlib/_startup.o
 .debug_line    0x00000a66      0x207 ./system/src/newlib/_syscalls.o
 .debug_line    0x00000c6d      0x129 ./system/src/cortexm/_initialize_hardware.o
 .debug_line    0x00000d96      0x135 ./system/src/cortexm/_reset_hardware.o
 .debug_line    0x00000ecb      0x209 ./system/src/cortexm/exception_handlers.o
 .debug_line    0x000010d4      0x175 ./system/src/cmsis/system_stm32f10x.o
 .debug_line    0x00001249       0x58 ./system/src/cmsis/vectors_stm32f10x.o
 .debug_line    0x000012a1      0x17e ./src/BlinkLed.o
 .debug_line    0x0000141f      0x172 ./src/Timer.o
 .debug_line    0x00001591      0x314 ./src/main.o

.debug_frame    0x00000000      0x6d8
 *(.debug_frame)
 .debug_frame   0x00000000      0x170 ./system/src/stm32f1-stdperiph/stm32f10x_gpio.o
 .debug_frame   0x00000170      0x220 ./system/src/stm32f1-stdperiph/stm32f10x_rcc.o
 .debug_frame   0x00000390       0x40 ./system/src/newlib/_exit.o
 .debug_frame   0x000003d0       0x80 ./system/src/newlib/_startup.o
 .debug_frame   0x00000450       0x50 ./system/src/newlib/_syscalls.o
 .debug_frame   0x000004a0       0x38 ./system/src/cortexm/_initialize_hardware.o
 .debug_frame   0x000004d8       0x20 ./system/src/cortexm/_reset_hardware.o
 .debug_frame   0x000004f8       0xe0 ./system/src/cortexm/exception_handlers.o
 .debug_frame   0x000005d8       0x38 ./system/src/cmsis/system_stm32f10x.o
 .debug_frame   0x00000610       0x20 ./system/src/cmsis/vectors_stm32f10x.o
 .debug_frame   0x00000630       0x2c ./src/BlinkLed.o
 .debug_frame   0x0000065c       0x50 ./src/Timer.o
 .debug_frame   0x000006ac       0x2c ./src/main.o

.debug_str      0x00000000     0x16e3
 *(.debug_str)
 .debug_str     0x00000000      0x56a ./system/src/stm32f1-stdperiph/stm32f10x_gpio.o
                                0x5af (size before relaxing)
 .debug_str     0x0000056a      0x42a ./system/src/stm32f1-stdperiph/stm32f10x_rcc.o
                                0x699 (size before relaxing)
 .debug_str     0x00000994      0x431 ./system/src/newlib/_exit.o
                                0x619 (size before relaxing)
 .debug_str     0x00000dc5      0x16d ./system/src/newlib/_startup.o
                                0x34b (size before relaxing)
 .debug_str     0x00000f32       0x8a ./system/src/newlib/_syscalls.o
                                0x64a (size before relaxing)
 .debug_str     0x00000fbc       0xb2 ./system/src/cortexm/_initialize_hardware.o
                                0x2cf (size before relaxing)
 .debug_str     0x0000106e       0x45 ./system/src/cortexm/_reset_hardware.o
                                0x295 (size before relaxing)
 .debug_str     0x000010b3      0x11f ./system/src/cortexm/exception_handlers.o
                                0x712 (size before relaxing)
 .debug_str     0x000011d2       0x67 ./system/src/cmsis/system_stm32f10x.o
                                0x353 (size before relaxing)
 .debug_str     0x00001239       0x57 ./system/src/cmsis/vectors_stm32f10x.o
                                0x202 (size before relaxing)
 .debug_str     0x00001290       0x42 ./src/BlinkLed.o
                                0x37e (size before relaxing)
 .debug_str     0x000012d2      0x3c5 ./src/Timer.o
                                0x619 (size before relaxing)
 .debug_str     0x00001697       0x4c ./src/main.o
                                0x6ea (size before relaxing)

.debug_loc      0x00000000      0xf95
 *(.debug_loc)
 .debug_loc     0x00000000      0x577 ./system/src/stm32f1-stdperiph/stm32f10x_gpio.o
 .debug_loc     0x00000577      0x6b8 ./system/src/stm32f1-stdperiph/stm32f10x_rcc.o
 .debug_loc     0x00000c2f       0x21 ./system/src/newlib/_exit.o
 .debug_loc     0x00000c50      0x148 ./system/src/newlib/_startup.o
 .debug_loc     0x00000d98       0x63 ./system/src/newlib/_syscalls.o
 .debug_loc     0x00000dfb       0xb1 ./system/src/cmsis/system_stm32f10x.o
 .debug_loc     0x00000eac       0x88 ./src/Timer.o
 .debug_loc     0x00000f34       0x61 ./src/main.o

.debug_macinfo
 *(.debug_macinfo)

.debug_weaknames
 *(.debug_weaknames)

.debug_funcnames
 *(.debug_funcnames)

.debug_typenames
 *(.debug_typenames)

.debug_varnames
 *(.debug_varnames)
OUTPUT(00-Hello-Arm.elf elf32-littlearm)

.debug_ranges   0x00000000      0x388
 .debug_ranges  0x00000000       0x98 ./system/src/stm32f1-stdperiph/stm32f10x_gpio.o
 .debug_ranges  0x00000098      0x108 ./system/src/stm32f1-stdperiph/stm32f10x_rcc.o
 .debug_ranges  0x000001a0       0x18 ./system/src/newlib/_exit.o
 .debug_ranges  0x000001b8       0x90 ./system/src/newlib/_startup.o
 .debug_ranges  0x00000248       0x20 ./system/src/newlib/_syscalls.o
 .debug_ranges  0x00000268       0x18 ./system/src/cortexm/_initialize_hardware.o
 .debug_ranges  0x00000280       0x10 ./system/src/cortexm/_reset_hardware.o
 .debug_ranges  0x00000290       0x70 ./system/src/cortexm/exception_handlers.o
 .debug_ranges  0x00000300       0x18 ./system/src/cmsis/system_stm32f10x.o
 .debug_ranges  0x00000318       0x10 ./system/src/cmsis/vectors_stm32f10x.o
 .debug_ranges  0x00000328       0x10 ./src/BlinkLed.o
 .debug_ranges  0x00000338       0x40 ./src/Timer.o
 .debug_ranges  0x00000378       0x10 ./src/main.o
